// Jest Snapshot v1, https://goo.gl/fbAQLP

exports[`component should render 1`] = `
<Fragment>
  <HashRouter>
    <Switch>
      <Route
        exact={true}
        path="/"
      >
        <Home
          name="Hello."
        />
      </Route>
    </Switch>
  </HashRouter>
</Fragment>
`;
