// Jest Snapshot v1, https://goo.gl/fbAQLP

exports[`component should have text content 1`] = `
<Fragment>
  <div>
    <div>
      homie.
    </div>
    <br />
  </div>
</Fragment>
`;
